group_label,result_expected,result_expected_inverted
a,3,2